// Jest Snapshot v1, https://goo.gl/fbAQLP

exports[`Board renders correctly when empty 1`] = `
<div
  id="board"
>
  <div
    class="square white"
  />
  <div
    class="square black"
  />
  <div
    class="square white"
  />
  <div
    class="square black"
  />
  <div
    class="square white"
  />
  <div
    class="square black"
  />
  <div
    class="square white"
  />
  <div
    class="square black"
  />
  <div
    class="square black"
  />
  <div
    class="square white"
  />
  <div
    class="square black"
  />
  <div
    class="square white"
  />
  <div
    class="square black"
  />
  <div
    class="square white"
  />
  <div
    class="square black"
  />
  <div
    class="square white"
  />
  <div
    class="square white"
  />
  <div
    class="square black"
  />
  <div
    class="square white"
  />
  <div
    class="square black"
  />
  <div
    class="square white"
  />
  <div
    class="square black"
  />
  <div
    class="square white"
  />
  <div
    class="square black"
  />
  <div
    class="square black"
  />
  <div
    class="square white"
  />
  <div
    class="square black"
  />
  <div
    class="square white"
  />
  <div
    class="square black"
  />
  <div
    class="square white"
  />
  <div
    class="square black"
  />
  <div
    class="square white"
  />
  <div
    class="square white"
  />
  <div
    class="square black"
  />
  <div
    class="square white"
  />
  <div
    class="square black"
  />
  <div
    class="square white"
  />
  <div
    class="square black"
  />
  <div
    class="square white"
  />
  <div
    class="square black"
  />
  <div
    class="square black"
  />
  <div
    class="square white"
  />
  <div
    class="square black"
  />
  <div
    class="square white"
  />
  <div
    class="square black"
  />
  <div
    class="square white"
  />
  <div
    class="square black"
  />
  <div
    class="square white"
  />
  <div
    class="square white"
  />
  <div
    class="square black"
  />
  <div
    class="square white"
  />
  <div
    class="square black"
  />
  <div
    class="square white"
  />
  <div
    class="square black"
  />
  <div
    class="square white"
  />
  <div
    class="square black"
  />
  <div
    class="square black"
  />
  <div
    class="square white"
  />
  <div
    class="square black"
  />
  <div
    class="square white"
  />
  <div
    class="square black"
  />
  <div
    class="square white"
  />
  <div
    class="square black"
  />
  <div
    class="square white"
  />
</div>
`;
